// Jest Snapshot v1, https://goo.gl/fbAQLP

exports[`ServiceList #getServices returns services that have a value of two elements 1`] = `
<div
  className="dashboard-health-list"
>
  <ul
    className="list list-unstyled"
  >
    <li
      className="list-item"
    >
      <span
        className="dashboard-health-list-item-description text-overflow"
      >
        <a
          className="dashboard-health-list-item-cell emphasis"
          href={null}
          onClick={[Function]}
        >
          
        </a>
      </span>
      <div
        className="dashboard-health-list-health-label"
      >
        <div
          className="tooltip-wrapper"
          onMouseEnter={[Function]}
          onMouseLeave={[Function]}
        >
          <svg
            aria-label="system-circle-minus icon"
            className="css-ed86y8"
            height={16}
            preserveAspectRatio="xMinYMin meet"
            role="img"
            viewBox="0 0 16 16"
            width={16}
          >
            <use
              xlinkHref="#system-circle-minus"
            />
          </svg>
        </div>
      </div>
    </li>
  </ul>
</div>
`;
