// Jest Snapshot v1, https://goo.gl/fbAQLP

exports[`GroupMemberTable #getConfirmModalContent returns a message containing the group's name and user's name 1`] = `ShallowWrapper {}`;
