// Jest Snapshot v1, https://goo.gl/fbAQLP

exports[`LanguagePreferenceFormModalComponent renders with default language 1`] = `ShallowWrapper {}`;
