// Jest Snapshot v1, https://goo.gl/fbAQLP

exports[`AccountGroupTable #getConfirmModalContent returns a message with the user's name and group name 1`] = `ShallowWrapper {}`;
